---
source: crates/move-transactional-test-runner/src/framework.rs
---
processed 3 tasks

task 0, lines 1-9:
//# run --args @0x1 @0x1 @0x1
reference inputs after call: local#1: { 0000000000000000000000000000000000000000000000000000000000000001 }

task 1, lines 11-19:
//# run --args @0x1 0 @0x1 false @0x1
reference inputs after call: local#0: { 0000000000000000000000000000000000000000000000000000000000000001 }, local#4: { 0000000000000000000000000000000000000000000000000000000000000001 }

task 2, lines 20-28:
//# run --args 0 false @0x1 @0x2 @0x3
reference inputs after call: local#4: { 0000000000000000000000000000000000000000000000000000000000000003 }
