---
source: crates/move-transactional-test-runner/src/framework.rs
---
processed 2 tasks

task 1, lines 7-13:
//# run --type-args 0x42::M::S --args 0 0 0
reference inputs after call: local#1: { 0 }, local#2: { 0 }
