---
source: crates/move-transactional-test-runner/src/framework.rs
---
processed 4 tasks

task 1, lines 3-8:
//# run --args @A
reference inputs after call: local#0: 000000000000000000000000000000000000000000000000000000000000002b

task 3, line 21:
//# run 43::M::test
return values: { 43 }
