---
source: crates/move-transactional-test-runner/src/framework.rs
---
processed 5 tasks

task 1, lines 11-19:
//# run --type-args u8 --args 1u8
reference inputs after call: local#0: 1
